
> frontend@0.0.0 build
> vite build

[36mvite v7.2.4 [32mbuilding client environment for production...[36m[39m
[baseline-browser-mapping] The data in this module is over two months old.  To ensure accurate Baseline data, please update: `npm i baseline-browser-mapping@latest -D`
transforming...
Browserslist: browsers data (caniuse-lite) is 8 months old. Please run:
  npx update-browserslist-db@latest
  Why you should do it regularly: https://github.com/browserslist/update-db#readme
[33m../../../D:/sports-platform-main/frontend/node_modules/react-router/dist/development/index.mjs (11:0): Module level directives cause errors when bundled, "use client" in "../../../D:/sports-platform-main/frontend/node_modules/react-router/dist/development/index.mjs" was ignored.[39m
[33m../../../D:/sports-platform-main/frontend/node_modules/react-router/dist/development/dom-export.mjs (1:0): Module level directives cause errors when bundled, "use client" in "../../../D:/sports-platform-main/frontend/node_modules/react-router/dist/development/dom-export.mjs" was ignored.[39m
[33m../../../D:/sports-platform-main/frontend/node_modules/framer-motion/dist/es/components/LayoutGroup/index.mjs (1:0): Module level directives cause errors when bundled, "use client" in "../../../D:/sports-platform-main/frontend/node_modules/framer-motion/dist/es/components/LayoutGroup/index.mjs" was ignored.[39m
[33m../../../D:/sports-platform-main/frontend/node_modules/framer-motion/dist/es/components/AnimatePresence/PresenceChild.mjs (1:0): Module level directives cause errors when bundled, "use client" in "../../../D:/sports-platform-main/frontend/node_modules/framer-motion/dist/es/components/AnimatePresence/PresenceChild.mjs" was ignored.[39m
[33m../../../D:/sports-platform-main/frontend/node_modules/framer-motion/dist/es/components/MotionConfig/index.mjs (1:0): Module level directives cause errors when bundled, "use client" in "../../../D:/sports-platform-main/frontend/node_modules/framer-motion/dist/es/components/MotionConfig/index.mjs" was ignored.[39m
[33m../../../D:/sports-platform-main/frontend/node_modules/framer-motion/dist/es/motion/utils/use-visual-state.mjs (1:0): Module level directives cause errors when bundled, "use client" in "../../../D:/sports-platform-main/frontend/node_modules/framer-motion/dist/es/motion/utils/use-visual-state.mjs" was ignored.[39m
[33m../../../D:/sports-platform-main/frontend/node_modules/framer-motion/dist/es/components/AnimatePresence/PopChild.mjs (1:0): Module level directives cause errors when bundled, "use client" in "../../../D:/sports-platform-main/frontend/node_modules/framer-motion/dist/es/components/AnimatePresence/PopChild.mjs" was ignored.[39m
[33m../../../D:/sports-platform-main/frontend/node_modules/framer-motion/dist/es/components/LazyMotion/index.mjs (1:0): Module level directives cause errors when bundled, "use client" in "../../../D:/sports-platform-main/frontend/node_modules/framer-motion/dist/es/components/LazyMotion/index.mjs" was ignored.[39m
[33m../../../D:/sports-platform-main/frontend/node_modules/framer-motion/dist/es/utils/use-unmount-effect.mjs (1:0): Module level directives cause errors when bundled, "use client" in "../../../D:/sports-platform-main/frontend/node_modules/framer-motion/dist/es/utils/use-unmount-effect.mjs" was ignored.[39m
[33m../../../D:/sports-platform-main/frontend/node_modules/framer-motion/dist/es/utils/use-force-update.mjs (1:0): Module level directives cause errors when bundled, "use client" in "../../../D:/sports-platform-main/frontend/node_modules/framer-motion/dist/es/utils/use-force-update.mjs" was ignored.[39m
[33m../../../D:/sports-platform-main/frontend/node_modules/framer-motion/dist/es/render/dom/features-animation.mjs (1:0): Module level directives cause errors when bundled, "use client" in "../../../D:/sports-platform-main/frontend/node_modules/framer-motion/dist/es/render/dom/features-animation.mjs" was ignored.[39m
[33m../../../D:/sports-platform-main/frontend/node_modules/framer-motion/dist/es/render/dom/features-min.mjs (1:0): Module level directives cause errors when bundled, "use client" in "../../../D:/sports-platform-main/frontend/node_modules/framer-motion/dist/es/render/dom/features-min.mjs" was ignored.[39m
[33m../../../D:/sports-platform-main/frontend/node_modules/framer-motion/dist/es/render/dom/features-max.mjs (1:0): Module level directives cause errors when bundled, "use client" in "../../../D:/sports-platform-main/frontend/node_modules/framer-motion/dist/es/render/dom/features-max.mjs" was ignored.[39m
[33m../../../D:/sports-platform-main/frontend/node_modules/framer-motion/dist/es/utils/use-isomorphic-effect.mjs (1:0): Module level directives cause errors when bundled, "use client" in "../../../D:/sports-platform-main/frontend/node_modules/framer-motion/dist/es/utils/use-isomorphic-effect.mjs" was ignored.[39m
[33m../../../D:/sports-platform-main/frontend/node_modules/framer-motion/dist/es/utils/use-motion-value-event.mjs (1:0): Module level directives cause errors when bundled, "use client" in "../../../D:/sports-platform-main/frontend/node_modules/framer-motion/dist/es/utils/use-motion-value-event.mjs" was ignored.[39m
[33m../../../D:/sports-platform-main/frontend/node_modules/framer-motion/dist/es/value/use-motion-value.mjs (1:0): Module level directives cause errors when bundled, "use client" in "../../../D:/sports-platform-main/frontend/node_modules/framer-motion/dist/es/value/use-motion-value.mjs" was ignored.[39m
[33m../../../D:/sports-platform-main/frontend/node_modules/framer-motion/dist/es/value/use-spring.mjs (1:0): Module level directives cause errors when bundled, "use client" in "../../../D:/sports-platform-main/frontend/node_modules/framer-motion/dist/es/value/use-spring.mjs" was ignored.[39m
[33m../../../D:/sports-platform-main/frontend/node_modules/framer-motion/dist/es/value/use-transform.mjs (1:0): Module level directives cause errors when bundled, "use client" in "../../../D:/sports-platform-main/frontend/node_modules/framer-motion/dist/es/value/use-transform.mjs" was ignored.[39m
[33m../../../D:/sports-platform-main/frontend/node_modules/framer-motion/dist/es/value/use-motion-template.mjs (1:0): Module level directives cause errors when bundled, "use client" in "../../../D:/sports-platform-main/frontend/node_modules/framer-motion/dist/es/value/use-motion-template.mjs" was ignored.[39m
[33m../../../D:/sports-platform-main/frontend/node_modules/framer-motion/dist/es/value/use-time.mjs (1:0): Module level directives cause errors when bundled, "use client" in "../../../D:/sports-platform-main/frontend/node_modules/framer-motion/dist/es/value/use-time.mjs" was ignored.[39m
[33m../../../D:/sports-platform-main/frontend/node_modules/framer-motion/dist/es/value/use-scroll.mjs (1:0): Module level directives cause errors when bundled, "use client" in "../../../D:/sports-platform-main/frontend/node_modules/framer-motion/dist/es/value/use-scroll.mjs" was ignored.[39m
[33m../../../D:/sports-platform-main/frontend/node_modules/framer-motion/dist/es/value/use-will-change/index.mjs (1:0): Module level directives cause errors when bundled, "use client" in "../../../D:/sports-platform-main/frontend/node_modules/framer-motion/dist/es/value/use-will-change/index.mjs" was ignored.[39m
[33m../../../D:/sports-platform-main/frontend/node_modules/framer-motion/dist/es/value/use-velocity.mjs (1:0): Module level directives cause errors when bundled, "use client" in "../../../D:/sports-platform-main/frontend/node_modules/framer-motion/dist/es/value/use-velocity.mjs" was ignored.[39m
[33m../../../D:/sports-platform-main/frontend/node_modules/framer-motion/dist/es/components/AnimatePresence/use-presence-data.mjs (1:0): Module level directives cause errors when bundled, "use client" in "../../../D:/sports-platform-main/frontend/node_modules/framer-motion/dist/es/components/AnimatePresence/use-presence-data.mjs" was ignored.[39m
[33m../../../D:/sports-platform-main/frontend/node_modules/framer-motion/dist/es/utils/reduced-motion/use-reduced-motion-config.mjs (1:0): Module level directives cause errors when bundled, "use client" in "../../../D:/sports-platform-main/frontend/node_modules/framer-motion/dist/es/utils/reduced-motion/use-reduced-motion-config.mjs" was ignored.[39m
[33m../../../D:/sports-platform-main/frontend/node_modules/framer-motion/dist/es/animation/hooks/use-animate.mjs (1:0): Module level directives cause errors when bundled, "use client" in "../../../D:/sports-platform-main/frontend/node_modules/framer-motion/dist/es/animation/hooks/use-animate.mjs" was ignored.[39m
[33m../../../D:/sports-platform-main/frontend/node_modules/framer-motion/dist/es/animation/hooks/use-animate-style.mjs (1:0): Module level directives cause errors when bundled, "use client" in "../../../D:/sports-platform-main/frontend/node_modules/framer-motion/dist/es/animation/hooks/use-animate-style.mjs" was ignored.[39m
[33m../../../D:/sports-platform-main/frontend/node_modules/framer-motion/dist/es/events/use-dom-event.mjs (1:0): Module level directives cause errors when bundled, "use client" in "../../../D:/sports-platform-main/frontend/node_modules/framer-motion/dist/es/events/use-dom-event.mjs" was ignored.[39m
[33m../../../D:/sports-platform-main/frontend/node_modules/framer-motion/dist/es/animation/hooks/use-animation.mjs (1:0): Module level directives cause errors when bundled, "use client" in "../../../D:/sports-platform-main/frontend/node_modules/framer-motion/dist/es/animation/hooks/use-animation.mjs" was ignored.[39m
[33m../../../D:/sports-platform-main/frontend/node_modules/framer-motion/dist/es/components/AnimatePresence/use-presence.mjs (1:0): Module level directives cause errors when bundled, "use client" in "../../../D:/sports-platform-main/frontend/node_modules/framer-motion/dist/es/components/AnimatePresence/use-presence.mjs" was ignored.[39m
[33m../../../D:/sports-platform-main/frontend/node_modules/framer-motion/dist/es/utils/use-animation-frame.mjs (1:0): Module level directives cause errors when bundled, "use client" in "../../../D:/sports-platform-main/frontend/node_modules/framer-motion/dist/es/utils/use-animation-frame.mjs" was ignored.[39m
[33m../../../D:/sports-platform-main/frontend/node_modules/framer-motion/dist/es/utils/use-cycle.mjs (1:0): Module level directives cause errors when bundled, "use client" in "../../../D:/sports-platform-main/frontend/node_modules/framer-motion/dist/es/utils/use-cycle.mjs" was ignored.[39m
[33m../../../D:/sports-platform-main/frontend/node_modules/framer-motion/dist/es/context/MotionConfigContext.mjs (1:0): Module level directives cause errors when bundled, "use client" in "../../../D:/sports-platform-main/frontend/node_modules/framer-motion/dist/es/context/MotionConfigContext.mjs" was ignored.[39m
[33m../../../D:/sports-platform-main/frontend/node_modules/framer-motion/dist/es/utils/use-page-in-view.mjs (1:0): Module level directives cause errors when bundled, "use client" in "../../../D:/sports-platform-main/frontend/node_modules/framer-motion/dist/es/utils/use-page-in-view.mjs" was ignored.[39m
[33m../../../D:/sports-platform-main/frontend/node_modules/framer-motion/dist/es/utils/use-instant-transition.mjs (1:0): Module level directives cause errors when bundled, "use client" in "../../../D:/sports-platform-main/frontend/node_modules/framer-motion/dist/es/utils/use-instant-transition.mjs" was ignored.[39m
[33m../../../D:/sports-platform-main/frontend/node_modules/framer-motion/dist/es/context/DeprecatedLayoutGroupContext.mjs (1:0): Module level directives cause errors when bundled, "use client" in "../../../D:/sports-platform-main/frontend/node_modules/framer-motion/dist/es/context/DeprecatedLayoutGroupContext.mjs" was ignored.[39m
[33m../../../D:/sports-platform-main/frontend/node_modules/framer-motion/dist/es/context/LayoutGroupContext.mjs (1:0): Module level directives cause errors when bundled, "use client" in "../../../D:/sports-platform-main/frontend/node_modules/framer-motion/dist/es/context/LayoutGroupContext.mjs" was ignored.[39m
[33m../../../D:/sports-platform-main/frontend/node_modules/framer-motion/dist/es/context/PresenceContext.mjs (1:0): Module level directives cause errors when bundled, "use client" in "../../../D:/sports-platform-main/frontend/node_modules/framer-motion/dist/es/context/PresenceContext.mjs" was ignored.[39m
[33m../../../D:/sports-platform-main/frontend/node_modules/framer-motion/dist/es/context/MotionContext/index.mjs (1:0): Module level directives cause errors when bundled, "use client" in "../../../D:/sports-platform-main/frontend/node_modules/framer-motion/dist/es/context/MotionContext/index.mjs" was ignored.[39m
[33m../../../D:/sports-platform-main/frontend/node_modules/framer-motion/dist/es/context/SwitchLayoutGroupContext.mjs (1:0): Module level directives cause errors when bundled, "use client" in "../../../D:/sports-platform-main/frontend/node_modules/framer-motion/dist/es/context/SwitchLayoutGroupContext.mjs" was ignored.[39m
[33m../../../D:/sports-platform-main/frontend/node_modules/framer-motion/dist/es/animation/hooks/use-animated-state.mjs (1:0): Module level directives cause errors when bundled, "use client" in "../../../D:/sports-platform-main/frontend/node_modules/framer-motion/dist/es/animation/hooks/use-animated-state.mjs" was ignored.[39m
[33m../../../D:/sports-platform-main/frontend/node_modules/framer-motion/dist/es/components/AnimateSharedLayout.mjs (1:0): Module level directives cause errors when bundled, "use client" in "../../../D:/sports-platform-main/frontend/node_modules/framer-motion/dist/es/components/AnimateSharedLayout.mjs" was ignored.[39m
[33m../../../D:/sports-platform-main/frontend/node_modules/framer-motion/dist/es/value/use-inverted-scale.mjs (1:0): Module level directives cause errors when bundled, "use client" in "../../../D:/sports-platform-main/frontend/node_modules/framer-motion/dist/es/value/use-inverted-scale.mjs" was ignored.[39m
[33m../../../D:/sports-platform-main/frontend/node_modules/framer-motion/dist/es/utils/use-in-view.mjs (1:0): Module level directives cause errors when bundled, "use client" in "../../../D:/sports-platform-main/frontend/node_modules/framer-motion/dist/es/utils/use-in-view.mjs" was ignored.[39m
[33m../../../D:/sports-platform-main/frontend/node_modules/framer-motion/dist/es/components/AnimatePresence/index.mjs (1:0): Module level directives cause errors when bundled, "use client" in "../../../D:/sports-platform-main/frontend/node_modules/framer-motion/dist/es/components/AnimatePresence/index.mjs" was ignored.[39m
[33m../../../D:/sports-platform-main/frontend/node_modules/framer-motion/dist/es/utils/reduced-motion/use-reduced-motion.mjs (1:0): Module level directives cause errors when bundled, "use client" in "../../../D:/sports-platform-main/frontend/node_modules/framer-motion/dist/es/utils/reduced-motion/use-reduced-motion.mjs" was ignored.[39m
[33m../../../D:/sports-platform-main/frontend/node_modules/framer-motion/dist/es/utils/use-constant.mjs (1:0): Module level directives cause errors when bundled, "use client" in "../../../D:/sports-platform-main/frontend/node_modules/framer-motion/dist/es/utils/use-constant.mjs" was ignored.[39m
[33m../../../D:/sports-platform-main/frontend/node_modules/framer-motion/dist/es/context/LazyContext.mjs (1:0): Module level directives cause errors when bundled, "use client" in "../../../D:/sports-platform-main/frontend/node_modules/framer-motion/dist/es/context/LazyContext.mjs" was ignored.[39m
[33m../../../D:/sports-platform-main/frontend/node_modules/framer-motion/dist/es/utils/use-is-mounted.mjs (1:0): Module level directives cause errors when bundled, "use client" in "../../../D:/sports-platform-main/frontend/node_modules/framer-motion/dist/es/utils/use-is-mounted.mjs" was ignored.[39m
[33m../../../D:/sports-platform-main/frontend/node_modules/framer-motion/dist/es/value/use-computed.mjs (1:0): Module level directives cause errors when bundled, "use client" in "../../../D:/sports-platform-main/frontend/node_modules/framer-motion/dist/es/value/use-computed.mjs" was ignored.[39m
[33m../../../D:/sports-platform-main/frontend/node_modules/framer-motion/dist/es/value/use-combine-values.mjs (1:0): Module level directives cause errors when bundled, "use client" in "../../../D:/sports-platform-main/frontend/node_modules/framer-motion/dist/es/value/use-combine-values.mjs" was ignored.[39m
[33m../../../D:/sports-platform-main/frontend/node_modules/framer-motion/dist/es/components/Reorder/Item.mjs (1:0): Module level directives cause errors when bundled, "use client" in "../../../D:/sports-platform-main/frontend/node_modules/framer-motion/dist/es/components/Reorder/Item.mjs" was ignored.[39m
[33m../../../D:/sports-platform-main/frontend/node_modules/framer-motion/dist/es/components/Reorder/Group.mjs (1:0): Module level directives cause errors when bundled, "use client" in "../../../D:/sports-platform-main/frontend/node_modules/framer-motion/dist/es/components/Reorder/Group.mjs" was ignored.[39m
[33m../../../D:/sports-platform-main/frontend/node_modules/framer-motion/dist/es/motion/features/layout/MeasureLayout.mjs (1:0): Module level directives cause errors when bundled, "use client" in "../../../D:/sports-platform-main/frontend/node_modules/framer-motion/dist/es/motion/features/layout/MeasureLayout.mjs" was ignored.[39m
[33m../../../D:/sports-platform-main/frontend/node_modules/framer-motion/dist/es/context/ReorderContext.mjs (1:0): Module level directives cause errors when bundled, "use client" in "../../../D:/sports-platform-main/frontend/node_modules/framer-motion/dist/es/context/ReorderContext.mjs" was ignored.[39m
[33m../../../D:/sports-platform-main/frontend/node_modules/framer-motion/dist/es/motion/index.mjs (1:0): Module level directives cause errors when bundled, "use client" in "../../../D:/sports-platform-main/frontend/node_modules/framer-motion/dist/es/motion/index.mjs" was ignored.[39m
[33m../../../D:/sports-platform-main/frontend/node_modules/framer-motion/dist/es/context/MotionContext/create.mjs (1:0): Module level directives cause errors when bundled, "use client" in "../../../D:/sports-platform-main/frontend/node_modules/framer-motion/dist/es/context/MotionContext/create.mjs" was ignored.[39m
[33m../../../D:/sports-platform-main/frontend/node_modules/framer-motion/dist/es/render/svg/use-svg-visual-state.mjs (1:0): Module level directives cause errors when bundled, "use client" in "../../../D:/sports-platform-main/frontend/node_modules/framer-motion/dist/es/render/svg/use-svg-visual-state.mjs" was ignored.[39m
[33m../../../D:/sports-platform-main/frontend/node_modules/framer-motion/dist/es/render/dom/use-render.mjs (1:0): Module level directives cause errors when bundled, "use client" in "../../../D:/sports-platform-main/frontend/node_modules/framer-motion/dist/es/render/dom/use-render.mjs" was ignored.[39m
[33m../../../D:/sports-platform-main/frontend/node_modules/framer-motion/dist/es/render/html/use-html-visual-state.mjs (1:0): Module level directives cause errors when bundled, "use client" in "../../../D:/sports-platform-main/frontend/node_modules/framer-motion/dist/es/render/html/use-html-visual-state.mjs" was ignored.[39m
[33m../../../D:/sports-platform-main/frontend/node_modules/framer-motion/dist/es/motion/utils/use-visual-element.mjs (1:0): Module level directives cause errors when bundled, "use client" in "../../../D:/sports-platform-main/frontend/node_modules/framer-motion/dist/es/motion/utils/use-visual-element.mjs" was ignored.[39m
[33m../../../D:/sports-platform-main/frontend/node_modules/framer-motion/dist/es/motion/utils/use-motion-ref.mjs (1:0): Module level directives cause errors when bundled, "use client" in "../../../D:/sports-platform-main/frontend/node_modules/framer-motion/dist/es/motion/utils/use-motion-ref.mjs" was ignored.[39m
[33m../../../D:/sports-platform-main/frontend/node_modules/framer-motion/dist/es/render/html/use-props.mjs (1:0): Module level directives cause errors when bundled, "use client" in "../../../D:/sports-platform-main/frontend/node_modules/framer-motion/dist/es/render/html/use-props.mjs" was ignored.[39m
[33m../../../D:/sports-platform-main/frontend/node_modules/framer-motion/dist/es/render/svg/use-props.mjs (1:0): Module level directives cause errors when bundled, "use client" in "../../../D:/sports-platform-main/frontend/node_modules/framer-motion/dist/es/render/svg/use-props.mjs" was ignored.[39m
[32m✓[39m 2401 modules transformed.
rendering chunks...
computing gzip size...
[2mdist/[22m[32mindex.html                          [39m[1m[2m  0.39 kB[22m[1m[22m[2m │ gzip:   0.27 kB[22m
[2mdist/[22m[35massets/index-Daol48KM.css           [39m[1m[2m 52.95 kB[22m[1m[22m[2m │ gzip:   8.53 kB[22m
[2mdist/[22m[36massets/purify.es-Bzr520pe.js        [39m[1m[2m 22.45 kB[22m[1m[22m[2m │ gzip:   8.63 kB[22m
[2mdist/[22m[36massets/index.es-DyK-lFy4.js         [39m[1m[2m158.55 kB[22m[1m[22m[2m │ gzip:  52.90 kB[22m
[2mdist/[22m[36massets/html2canvas.esm-Ge7aVWlp.js  [39m[1m[2m201.40 kB[22m[1m[22m[2m │ gzip:  47.48 kB[22m
[2mdist/[22m[36massets/index-BnGMFJqk.js            [39m[1m[33m916.43 kB[39m[22m[2m │ gzip: 282.59 kB[22m
[33m
(!) Some chunks are larger than 500 kB after minification. Consider:
- Using dynamic import() to code-split the application
- Use build.rollupOptions.output.manualChunks to improve chunking: https://rollupjs.org/configuration-options/#output-manualchunks
- Adjust chunk size limit for this warning via build.chunkSizeWarningLimit.[39m
[32m✓ built in 18.06s[39m
